// Jest Snapshot v1, https://goo.gl/fbAQLP

exports[`components/AdminScreen should match loading snapshot 1`] = `"Loading rooms and tasks..."`;
